// Jest Snapshot v1, https://goo.gl/fbAQLP

exports[`Comment Comment fragment matches snapshot 1`] = `
<DocumentFragment>
  <div>
    <h2>
      April O'Neil
    </h2>
    <time
      datetime="2022-04-01T12:34:56Z"
    >
      2022-04-01T12:34:56Z
    </time>
    <p>
      Cowabunga dudes. This is the first comment!
    </p>
  </div>
</DocumentFragment>
`;
