// Jest Snapshot v1, https://goo.gl/fbAQLP

exports[`Comment Comment fragment matches snapshot 1`] = `
<DocumentFragment>
  <div
    class="bg-gray-200 p-8 rounded-lg"
  >
    <header
      class="flex justify-between"
    >
      <h2
        class="font-semibold text-gray-700"
      >
        April O'Neil
      </h2>
      <time
        class="text-xs text-gray-500"
        datetime="2022-04-01T12:34:56Z"
      >
        1 April 2022
      </time>
    </header>
    <p
      class="text-sm mt-2"
    >
      Cowabunga dudes. This is the first comment!
    </p>
  </div>
</DocumentFragment>
`;
