// Jest Snapshot v1, https://goo.gl/fbAQLP

exports[`BlogLayout fragment matches snapshot 1`] = `
<DocumentFragment>
  <header
    class="relative flex justify-between items-center py-4 px-8 bg-blue-700 text-white"
  >
    <h1
      class="text-5xl font-semibold tracking-tight"
    >
      <a
        class="text-blue-400 hover:text-blue-100 transition duration-100"
        href="/"
      >
        Redwood Blog
      </a>
    </h1>
    <nav>
      <ul
        class="relative flex items-center font-light"
      >
        <li>
          <a
            class="py-2 px-4 hover:bg-blue-600 transition duration-100 rounded"
            href="/about"
          >
            About
          </a>
        </li>
        <li>
          <a
            class="py-2 px-4 hover:bg-blue-600 transition duration-100 rounded"
            href="/contact"
          >
            Contact
          </a>
        </li>
        <li>
          <a
            class="py-2 px-4"
            href="/login"
          >
            Login
          </a>
        </li>
      </ul>
    </nav>
  </header>
  <main
    class="max-w-4xl mx-auto p-12 bg-white shadow rounded-b"
  />
</DocumentFragment>
`;
