// Jest Snapshot v1, https://goo.gl/fbAQLP

exports[`ContactPage fragment matches snapshot 1`] = `
<DocumentFragment>
  <div
    style="position: fixed; z-index: 9999; top: 16px; left: 16px; right: 16px; bottom: 16px; pointer-events: none;"
  />
  <form>
    <label
      class="block text-gray-700 uppercase text-sm"
      for="name"
    >
      Name
    </label>
    <input
      class="border rounded-sm px-2 py-1 outline-none"
      id="name"
      name="name"
      type="text"
    />
    <label
      class="block mt-8 text-gray-700 uppercase text-sm"
      for="name"
    >
      Email
    </label>
    <input
      class="border rounded-sm px-2 py-1"
      id="email"
      name="email"
      type="text"
    />
    <label
      class="block mt-8 text-gray-700 uppercase text-sm"
      for="name"
    >
      Message
    </label>
    <textarea
      class="block border rounded-sm px-2 py-1"
      id="message"
      name="message"
    />
    <button
      class="block bg-blue-700 text-white mt-8 px-4 py-2 rounded"
      type="submit"
    >
      Save
    </button>
  </form>
</DocumentFragment>
`;
